❯ Building...
✔ Building...
Initial chunk files | Names                      |  Raw size
main.js             | main                       | 747.70 kB |
styles.css          | styles                     |  68.15 kB |
chunk-LLR6ZSK6.js   | -                          |  23.03 kB |
chunk-5PPOQ35G.js   | -                          |  16.55 kB |
chunk-E2BDEUNF.js   | -                          |  16.42 kB |
chunk-LS44AVHG.js   | -                          |  10.13 kB |
chunk-VUJOFXKG.js   | -                          | 987 bytes |

                    | Initial total              | 882.97 kB

Lazy chunk files    | Names                      |  Raw size
chunk-OR2NU2T7.js   | employee-list-component    |  47.52 kB |
chunk-PU2UB6U3.js   | employee-form-component    |  47.38 kB |
chunk-YFY4PJWQ.js   | employee-details-component |  22.72 kB |
chunk-RBT3V7NY.js   | -                          |   1.68 kB |
chunk-EJWWWPX3.js   | employees-routes           | 754 bytes |

Application bundle generation complete. [6.539 seconds] - 2026-10-04T14:58:52.170Z

Watch mode enabled. Watching for file changes...
NOTE: Raw file sizes do not reflect development server per-request transformations.
  ➜  Local:   http://localhost:4200/
2:58:53 PM [vite] (client) [optimizer] bundling dependencies...
❯ Changes detected. Rebuilding...
✔ Changes detected. Rebuilding...
Initial chunk files | Names |  Raw size
main.js             | main  | 749.86 kB |

Application bundle generation complete. [3.195 seconds] - 2026-10-04T15:02:06.040Z

Component update sent to client(s).
