
> aria-hr.frontend@0.0.0 start
> ng serve

❯ Building...
✔ Building...
Initial chunk files | Names                         |  Raw size
main.js             | main                          | 785.40 kB |
styles.css          | styles                        |  73.16 kB |
chunk-VQPR4FWJ.js   | -                             |  14.29 kB |
chunk-XG6EPT3D.js   | -                             |  10.34 kB |
chunk-AW2JWLNQ.js   | -                             |  10.17 kB |
chunk-5TNX2QI6.js   | -                             |   9.94 kB |
chunk-D2FYJQRE.js   | -                             |   7.63 kB |
chunk-GTSA2AU2.js   | -                             |   6.54 kB |
chunk-IBHFWU3Z.js   | -                             |   4.54 kB |
chunk-GZZZ5IV2.js   | -                             |   1.96 kB |
chunk-GOMI4DH3.js   | -                             |   1.42 kB |
chunk-NYG6OOZM.js   | -                             |   1.23 kB |

                    | Initial total                 | 926.62 kB

Lazy chunk files    | Names                         |  Raw size
chunk-ICJMP57P.js   | employee-form-component       |  57.74 kB |
chunk-N6DIV4VA.js   | employee-list-component       |  47.70 kB |
chunk-APHV4ZXM.js   | leave-category-list-component |  45.82 kB |
chunk-ILO2PSNS.js   | leave-category-form-component |  34.14 kB |
chunk-UIV3SKVD.js   | employee-details-component    |  22.86 kB |
chunk-V7UKUUUU.js   | -                             |   3.10 kB |
chunk-4HIZUYHI.js   | -                             |   1.86 kB |
chunk-VY3VSO2S.js   | employees-routes              | 754 bytes |
chunk-ESNC6NSA.js   | leave-categories-routes       | 662 bytes |

Application bundle generation complete. [7.526 seconds] - 2026-10-07T09:56:46.358Z

Watch mode enabled. Watching for file changes...
NOTE: Raw file sizes do not reflect development server per-request transformations.
  ➜  Local:   http://localhost:4200/
9:56:47 AM [vite] (client) [optimizer] bundling dependencies...
